# Logfile created on 2016-04-03 22:31:23 +0200 by logger.rb/44203
INFO: Hello world
DEBUG: Good bye
INFO: Hello world
DEBUG: Good bye
